
The following have been reloaded with a version change:
  1) gcc-native/14.2 => gcc-native/13.2

Pynamic: Version 1.3.3
Pynamic: run on 02/11/26 16:10:30 with 512 MPI tasks

Pynamic: driver beginning... now importing modules
Pynamic: driver finished importing all modules... visiting all module functions
Pynamic: module import time = 0.9933066368103027 secs
Pynamic: module visit time = 10.589113473892212 secs
Pynamic: module test passed!

Pynamic: testing mpi capability...

Starting computation (groan)

Header length is  54
BMP size is  (400, 400)
Data length is  480000

Pynamic: fractal mpi time = 0.04903244972229004 secs
Pynamic: mpi test passed!

rank - 357
rank - 104
rank - 1
rank - 64
rank - 454
rank - 257
rank - 359
rank - 223
rank - 273
rank - 426
rank - 501
rank - 438
rank - 29
rank - 258
rank - 420
rank - 134
rank - 381
rank - 152
rank - 469
rank - 408
rank - 220
rank - 93
rank - 106
rank - 272
rank - 337
rank - 325
rank - 27
rank - 49
rank - 65
rank - 425
rank - 449
rank - 16
rank - 44
rank - 503
rank - 369
rank - 432
rank - 2
rank - 28
rank - 452
rank - 256
rank - 462
rank - 290
rank - 421
rank - 193
rank - 132
rank - 227
rank - 418
rank - 489
rank - 380
rank - 154
rank - 471
rank - 409
rank - 304
rank - 342
rank - 329
rank - 221
rank - 385
rank - 92
rank - 107
rank - 56
rank - 395
rank - 274
rank - 169
rank - 324
rank - 156
rank - 314
rank - 24
rank - 445
rank - 50
rank - 66
rank - 318
rank - 365
rank - 281
rank - 355
rank - 424
rank - 484
rank - 167
rank - 301
rank - 450
rank - 17
rank - 148
rank - 403
rank - 45
rank - 404
rank - 502
rank - 213
rank - 96
rank - 238
rank - 345
rank - 368
rank - 372
rank - 21
rank - 14
rank - 211
rank - 128
rank - 137
rank - 439
rank - 429
rank - 412
rank - 125
rank - 3
rank - 30
rank - 68
rank - 453
rank - 4
rank - 259
rank - 460
rank - 289
rank - 110
rank - 350
rank - 422
rank - 253
rank - 192
rank - 135
rank - 226
rank - 177
rank - 416
rank - 356
rank - 490
rank - 202
rank - 382
rank - 155
rank - 468
rank - 410
rank - 305
rank - 498
rank - 340
rank - 331
rank - 222
rank - 88
rank - 384
rank - 95
rank - 287
rank - 105
rank - 320
rank - 57
rank - 393
rank - 466
rank - 296
rank - 275
rank - 456
rank - 170
rank - 361
rank - 338
rank - 326
rank - 120
rank - 241
rank - 397
rank - 157
rank - 313
rank - 25
rank - 278
rank - 444
rank - 48
rank - 182
rank - 101
rank - 67
rank - 77
rank - 293
rank - 40
rank - 316
rank - 367
rank - 282
rank - 353
rank - 52
rank - 172
rank - 378
rank - 427
rank - 199
rank - 485
rank - 190
rank - 263
rank - 164
rank - 10
rank - 482
rank - 147
rank - 217
rank - 229
rank - 264
rank - 300
rank - 84
rank - 509
rank - 247
rank - 448
rank - 114
rank - 18
rank - 149
rank - 400
rank - 46
rank - 141
rank - 116
rank - 248
rank - 405
rank - 500
rank - 212
rank - 97
rank - 36
rank - 204
rank - 237
rank - 346
rank - 370
rank - 375
rank - 435
rank - 335
rank - 81
rank - 33
rank - 23
rank - 505
rank - 13
rank - 208
rank - 268
rank - 73
rank - 493
rank - 130
rank - 138
rank - 235
rank - 185
rank - 436
rank - 431
rank - 161
rank - 389
rank - 440
rank - 473
rank - 413
rank - 124
rank - 476
rank - 0
rank - 31
rank - 69
rank - 455
rank - 5
rank - 463
rank - 288
rank - 108
rank - 348
rank - 423
rank - 252
rank - 194
rank - 133
rank - 63
rank - 224
rank - 176
rank - 419
rank - 358
rank - 491
rank - 200
rank - 311
rank - 383
rank - 153
rank - 470
rank - 411
rank - 307
rank - 496
rank - 341
rank - 328
rank - 89
rank - 387
rank - 94
rank - 284
rank - 321
rank - 59
rank - 392
rank - 467
rank - 298
rank - 457
rank - 171
rank - 362
rank - 339
rank - 327
rank - 121
rank - 240
rank - 399
rank - 158
rank - 315
rank - 26
rank - 277
rank - 446
rank - 51
rank - 180
rank - 100
rank - 78
rank - 292
rank - 41
rank - 319
rank - 364
rank - 283
rank - 352
rank - 53
rank - 173
rank - 376
rank - 196
rank - 486
rank - 188
rank - 261
rank - 166
rank - 8
rank - 480
rank - 144
rank - 218
rank - 230
rank - 265
rank - 302
rank - 85
rank - 508
rank - 244
rank - 451
rank - 113
rank - 19
rank - 150
rank - 401
rank - 47
rank - 140
rank - 118
rank - 249
rank - 406
rank - 215
rank - 98
rank - 38
rank - 205
rank - 239
rank - 347
rank - 371
rank - 373
rank - 433
rank - 334
rank - 82
rank - 34
rank - 22
rank - 504
rank - 15
rank - 209
rank - 269
rank - 72
rank - 492
rank - 129
rank - 139
rank - 233
rank - 187
rank - 437
rank - 428
rank - 163
rank - 388
rank - 441
rank - 474
rank - 414
rank - 126
rank - 477
rank - 70
rank - 6
rank - 461
rank - 291
rank - 109
rank - 349
rank - 254
rank - 195
rank - 60
rank - 225
rank - 178
rank - 417
rank - 488
rank - 201
rank - 309
rank - 306
rank - 497
rank - 343
rank - 330
rank - 90
rank - 386
rank - 285
rank - 322
rank - 58
rank - 394
rank - 464
rank - 297
rank - 458
rank - 168
rank - 360
rank - 336
rank - 123
rank - 242
rank - 396
rank - 159
rank - 312
rank - 279
rank - 447
rank - 181
rank - 102
rank - 79
rank - 294
rank - 42
rank - 317
rank - 366
rank - 280
rank - 354
rank - 54
rank - 174
rank - 377
rank - 198
rank - 487
rank - 189
rank - 262
rank - 165
rank - 9
rank - 481
rank - 145
rank - 219
rank - 228
rank - 266
rank - 303
rank - 86
rank - 510
rank - 245
rank - 115
rank - 151
rank - 402
rank - 142
rank - 117
rank - 251
rank - 407
rank - 214
rank - 99
rank - 39
rank - 206
rank - 236
rank - 344
rank - 374
rank - 434
rank - 332
rank - 83
rank - 32
rank - 20
rank - 507
rank - 12
rank - 210
rank - 270
rank - 74
rank - 494
rank - 131
rank - 136
rank - 232
rank - 184
rank - 430
rank - 160
rank - 390
rank - 442
rank - 472
rank - 415
rank - 127
rank - 478
rank - 71
rank - 7
rank - 111
rank - 351
rank - 255
rank - 61
rank - 179
rank - 203
rank - 310
rank - 499
rank - 91
rank - 286
rank - 323
rank - 465
rank - 299
rank - 459
rank - 363
rank - 122
rank - 243
rank - 398
rank - 276
rank - 183
rank - 103
rank - 76
rank - 295
rank - 43
rank - 55
rank - 175
rank - 379
rank - 197
rank - 191
rank - 260
rank - 11
rank - 483
rank - 146
rank - 216
rank - 231
rank - 267
rank - 87
rank - 511
rank - 246
rank - 112
rank - 143
rank - 119
rank - 250
rank - 37
rank - 207
rank - 333
rank - 80
rank - 35
rank - 506
rank - 271
rank - 75
rank - 495
rank - 234
rank - 186
rank - 162
rank - 391
rank - 443
rank - 475
rank - 479
rank - 62
rank - 308
